---
http_interactions:
- request:
    method: post
    uri: https://hidden-garden-03870.herokuapp.com/api/v1/users
    body:
      encoding: UTF-8
      string: '{"user":{"username":"happy22@example.com","email":"happy22@example.com"}}'
    headers:
      User-Agent:
      - Faraday v2.2.0
      Content-Type:
      - application/json
      Accept-Encoding:
      - gzip;q=1.0,deflate;q=0.6,identity;q=0.3
      Accept:
      - "*/*"
  response:
    status:
      code: 400
      message: Bad Request
    headers:
      Server:
      - Cowboy
      Date:
      - Fri, 11 Mar 2022 17:59:46 GMT
      Connection:
      - keep-alive
      Content-Type:
      - application/json; charset=utf-8
      Cache-Control:
      - no-cache
      X-Request-Id:
      - b5f247a1-738a-4bc2-b0fa-7d322ed66685
      X-Runtime:
      - '0.009884'
      Transfer-Encoding:
      - chunked
      Via:
      - 1.1 vegur
    body:
      encoding: UTF-8
      string: '{"error":{"exception":"Validation failed: Email has already been taken"}}'
  recorded_at: Fri, 11 Mar 2022 17:59:46 GMT
- request:
    method: get
    uri: https://hidden-garden-03870.herokuapp.com/api/v1/users
    body:
      encoding: UTF-8
      string: '{"user":{"username":"happy22@example.com","email":"happy22@example.com"}}'
    headers:
      User-Agent:
      - Faraday v2.2.0
      Content-Type:
      - application/json
      Accept-Encoding:
      - gzip;q=1.0,deflate;q=0.6,identity;q=0.3
      Accept:
      - "*/*"
  response:
    status:
      code: 200
      message: OK
    headers:
      Server:
      - Cowboy
      Date:
      - Fri, 11 Mar 2022 17:59:46 GMT
      Connection:
      - keep-alive
      Content-Type:
      - application/json; charset=utf-8
      Etag:
      - W/"f5335dde282619a408411e9b65439eb8"
      Cache-Control:
      - max-age=0, private, must-revalidate
      X-Request-Id:
      - 442da2f8-18f4-4014-866c-83359314642f
      X-Runtime:
      - '0.005476'
      Transfer-Encoding:
      - chunked
      Via:
      - 1.1 vegur
    body:
      encoding: UTF-8
      string: '{"data":[{"id":"1","type":"user","attributes":{"username":"1","email":"1@mail.com"}},{"id":"2","type":"user","attributes":{"username":"2","email":"2@mail.com"}},{"id":"3","type":"user","attributes":{"username":"3","email":"3@mail.com"}},{"id":"4","type":"user","attributes":{"username":"4","email":"4@mail.com"}},{"id":"5","type":"user","attributes":{"username":"happy22@example.com","email":"happy22@example.com"}}]}'
  recorded_at: Fri, 11 Mar 2022 17:59:46 GMT
- request:
    method: get
    uri: https://hidden-garden-03870.herokuapp.com/api/v1/users/1/clubs
    body:
      encoding: US-ASCII
      string: ''
    headers:
      User-Agent:
      - Faraday v2.2.0
      Accept-Encoding:
      - gzip;q=1.0,deflate;q=0.6,identity;q=0.3
      Accept:
      - "*/*"
  response:
    status:
      code: 200
      message: OK
    headers:
      Server:
      - Cowboy
      Date:
      - Fri, 11 Mar 2022 17:59:46 GMT
      Connection:
      - keep-alive
      Content-Type:
      - application/json; charset=utf-8
      Etag:
      - W/"041c0c0f25a0837e215dc81cb9821bd7"
      Cache-Control:
      - max-age=0, private, must-revalidate
      X-Request-Id:
      - f4741a76-3867-424e-8c72-25c32ae21d7a
      X-Runtime:
      - '0.006765'
      Transfer-Encoding:
      - chunked
      Via:
      - 1.1 vegur
    body:
      encoding: UTF-8
      string: '{"data":[{"id":"1","type":"club","attributes":{"name":"Cool Cats","host_id":1,"book_id":"ZV9DDwAAQBAJ"}}]}'
  recorded_at: Fri, 11 Mar 2022 17:59:46 GMT
- request:
    method: get
    uri: https://hidden-garden-03870.herokuapp.com/api/v1/books/search?title=jh21g31yiu2g3
    body:
      encoding: US-ASCII
      string: ''
    headers:
      User-Agent:
      - Faraday v2.2.0
      Accept-Encoding:
      - gzip;q=1.0,deflate;q=0.6,identity;q=0.3
      Accept:
      - "*/*"
  response:
    status:
      code: 500
      message: Internal Server Error
    headers:
      Server:
      - Cowboy
      Date:
      - Fri, 11 Mar 2022 17:59:46 GMT
      Connection:
      - keep-alive
      Content-Type:
      - text/html; charset=UTF-8
      X-Request-Id:
      - 2966157c-f8f1-4b75-a0b0-dd46fb0cb527
      X-Runtime:
      - '0.207131'
      Content-Length:
      - '0'
      Via:
      - 1.1 vegur
    body:
      encoding: UTF-8
      string: ''
  recorded_at: Fri, 11 Mar 2022 17:59:47 GMT
recorded_with: VCR 6.0.0
