---
http_interactions:
- request:
    method: post
    uri: https://hidden-garden-03870.herokuapp.com/api/v1/users
    body:
      encoding: UTF-8
      string: '{"user":{"username":"happy22@example.com","email":"happy22@example.com"}}'
    headers:
      User-Agent:
      - Faraday v2.2.0
      Content-Type:
      - application/json
      Accept-Encoding:
      - gzip;q=1.0,deflate;q=0.6,identity;q=0.3
      Accept:
      - "*/*"
  response:
    status:
      code: 400
      message: Bad Request
    headers:
      Server:
      - Cowboy
      Date:
      - Wed, 16 Mar 2022 00:22:54 GMT
      Connection:
      - keep-alive
      Content-Type:
      - application/json; charset=utf-8
      Cache-Control:
      - no-cache
      X-Request-Id:
      - aa4976f0-a666-4291-9b53-ed6fc1f523ec
      X-Runtime:
      - '0.012640'
      Transfer-Encoding:
      - chunked
      Via:
      - 1.1 vegur
    body:
      encoding: UTF-8
      string: '{"error":{"exception":"Validation failed: Email has already been taken"}}'
  recorded_at: Wed, 16 Mar 2022 00:22:54 GMT
- request:
    method: get
    uri: https://hidden-garden-03870.herokuapp.com/api/v1/users
    body:
      encoding: UTF-8
      string: '{"user":{"username":"happy22@example.com","email":"happy22@example.com"}}'
    headers:
      User-Agent:
      - Faraday v2.2.0
      Content-Type:
      - application/json
      Accept-Encoding:
      - gzip;q=1.0,deflate;q=0.6,identity;q=0.3
      Accept:
      - "*/*"
  response:
    status:
      code: 200
      message: OK
    headers:
      Server:
      - Cowboy
      Date:
      - Wed, 16 Mar 2022 00:22:54 GMT
      Connection:
      - keep-alive
      Content-Type:
      - application/json; charset=utf-8
      Etag:
      - W/"4ea46a03549d7c8e6f9d6d3e9bf94d82"
      Cache-Control:
      - max-age=0, private, must-revalidate
      X-Request-Id:
      - b53bd03e-2cf6-4e54-8689-412599693924
      X-Runtime:
      - '0.004969'
      Transfer-Encoding:
      - chunked
      Via:
      - 1.1 vegur
    body:
      encoding: UTF-8
      string: '{"data":[{"id":"1","type":"user","attributes":{"username":"1","email":"1@mail.com"}},{"id":"2","type":"user","attributes":{"username":"2","email":"2@mail.com"}},{"id":"3","type":"user","attributes":{"username":"3","email":"3@mail.com"}},{"id":"4","type":"user","attributes":{"username":"4","email":"4@mail.com"}},{"id":"5","type":"user","attributes":{"username":"happy22@example.com","email":"happy22@example.com"}},{"id":"6","type":"user","attributes":{"username":"mallorygallery12@gmail.com","email":"mallorygallery12@gmail.com"}},{"id":"7","type":"user","attributes":{"username":"mal.p.vine@gmail.com","email":"mal.p.vine@gmail.com"}},{"id":"8","type":"user","attributes":{"username":"apaarn2211@gmail.com","email":"apaarn2211@gmail.com"}},{"id":"9","type":"user","attributes":{"username":"anavaro1995@gmail.com","email":"anavaro1995@gmail.com"}},{"id":"10","type":"user","attributes":{"username":"joe","email":"j@email.com"}},{"id":"11","type":"user","attributes":{"username":"dontreadalonetakethis@gmail.com","email":"dontreadalonetakethis@gmail.com"}},{"id":"12","type":"user","attributes":{"username":"echon92@gmail.com","email":"echon92@gmail.com"}}]}'
  recorded_at: Wed, 16 Mar 2022 00:22:54 GMT
- request:
    method: get
    uri: http://localhost:3000/api/v1/users/1/clubs
    body:
      encoding: US-ASCII
      string: ''
    headers:
      User-Agent:
      - Faraday v2.2.0
      Accept-Encoding:
      - gzip;q=1.0,deflate;q=0.6,identity;q=0.3
      Accept:
      - "*/*"
  response:
    status:
      code: 200
      message: OK
    headers:
      Content-Type:
      - application/json; charset=utf-8
      Etag:
      - W/"5ff167c86e86bbab3dfe18d9c831ec7c"
      Cache-Control:
      - max-age=0, private, must-revalidate
      X-Request-Id:
      - 154ac68b-f001-485d-a591-e02b570ccedd
      X-Runtime:
      - '0.008971'
      Transfer-Encoding:
      - chunked
    body:
      encoding: UTF-8
      string: '{"data":[{"id":"1","type":"club","attributes":{"name":"Cool Cats","host_id":1,"book_id":"ZV9DDwAAQBAJ"}},{"id":"4","type":"club","attributes":{"name":"Braniacs","host_id":6,"book_id":"5CzZzQEACAAJ"}},{"id":"5","type":"club","attributes":{"name":"thing","host_id":6,"book_id":"5CzZzQEACAAJ"}},{"id":"6","type":"club","attributes":{"name":"thing","host_id":6,"book_id":"5CzZzQEACAAJ"}},{"id":"15","type":"club","attributes":{"name":"Hello123","host_id":1,"book_id":"gwgON2IwgDUC"}},{"id":"16","type":"club","attributes":{"name":"Hello123","host_id":1,"book_id":"gwgON2IwgDUC"}},{"id":"18","type":"club","attributes":{"name":"Hello123","host_id":1,"book_id":"gwgON2IwgDUC"}},{"id":"19","type":"club","attributes":{"name":"Hello123","host_id":1,"book_id":"gwgON2IwgDUC"}},{"id":"20","type":"club","attributes":{"name":"Hello123","host_id":1,"book_id":"gwgON2IwgDUC"}},{"id":"21","type":"club","attributes":{"name":"Hello123","host_id":1,"book_id":"gwgON2IwgDUC"}},{"id":"22","type":"club","attributes":{"name":"Hello123","host_id":1,"book_id":"gwgON2IwgDUC"}},{"id":"23","type":"club","attributes":{"name":"Hello123","host_id":1,"book_id":"gwgON2IwgDUC"}},{"id":"24","type":"club","attributes":{"name":"Hello123","host_id":1,"book_id":"gwgON2IwgDUC"}},{"id":"25","type":"club","attributes":{"name":"Hello123","host_id":1,"book_id":"gwgON2IwgDUC"}},{"id":"26","type":"club","attributes":{"name":"Hello123","host_id":1,"book_id":"gwgON2IwgDUC"}},{"id":"27","type":"club","attributes":{"name":"Hello123","host_id":1,"book_id":"gwgON2IwgDUC"}},{"id":"28","type":"club","attributes":{"name":"Hello123","host_id":1,"book_id":"gwgON2IwgDUC"}},{"id":"29","type":"club","attributes":{"name":"Hello123","host_id":1,"book_id":"gwgON2IwgDUC"}},{"id":"30","type":"club","attributes":{"name":"Hello123","host_id":1,"book_id":"gwgON2IwgDUC"}},{"id":"31","type":"club","attributes":{"name":"Hello123","host_id":1,"book_id":"gwgON2IwgDUC"}},{"id":"32","type":"club","attributes":{"name":"Hello123","host_id":1,"book_id":"gwgON2IwgDUC"}},{"id":"33","type":"club","attributes":{"name":"Hello123","host_id":1,"book_id":"gwgON2IwgDUC"}},{"id":"35","type":"club","attributes":{"name":"nzfznggf","host_id":6,"book_id":"eOYELwAACAAJ"}},{"id":"36","type":"club","attributes":{"name":"fgm","host_id":6,"book_id":"hGBEDwAAQBAJ"}},{"id":"37","type":"club","attributes":{"name":"yes","host_id":6,"book_id":"hGBEDwAAQBAJ"}},{"id":"39","type":"club","attributes":{"name":"Hello123","host_id":1,"book_id":"gwgON2IwgDUC"}},{"id":"40","type":"club","attributes":{"name":"Hello123","host_id":1,"book_id":"gwgON2IwgDUC"}},{"id":"41","type":"club","attributes":{"name":"Hello123","host_id":1,"book_id":"gwgON2IwgDUC"}},{"id":"42","type":"club","attributes":{"name":"Hello123","host_id":1,"book_id":"gwgON2IwgDUC"}},{"id":"43","type":"club","attributes":{"name":"Hello123","host_id":1,"book_id":"gwgON2IwgDUC"}},{"id":"44","type":"club","attributes":{"name":"Hello123","host_id":1,"book_id":"gwgON2IwgDUC"}},{"id":"45","type":"club","attributes":{"name":"Hello123","host_id":1,"book_id":"gwgON2IwgDUC"}},{"id":"46","type":"club","attributes":{"name":"Hello123","host_id":1,"book_id":"gwgON2IwgDUC"}},{"id":"48","type":"club","attributes":{"name":"Hello123","host_id":1,"book_id":"gwgON2IwgDUC"}},{"id":"49","type":"club","attributes":{"name":"Hello123","host_id":1,"book_id":"gwgON2IwgDUC"}},{"id":"50","type":"club","attributes":{"name":"Hello123","host_id":1,"book_id":"gwgON2IwgDUC"}},{"id":"51","type":"club","attributes":{"name":"Hello123","host_id":1,"book_id":"gwgON2IwgDUC"}},{"id":"52","type":"club","attributes":{"name":"Hello123","host_id":1,"book_id":"gwgON2IwgDUC"}},{"id":"53","type":"club","attributes":{"name":"Hello123","host_id":1,"book_id":"gwgON2IwgDUC"}},{"id":"54","type":"club","attributes":{"name":"Hello123","host_id":1,"book_id":"gwgON2IwgDUC"}},{"id":"55","type":"club","attributes":{"name":"Hello123","host_id":1,"book_id":"gwgON2IwgDUC"}},{"id":"57","type":"club","attributes":{"name":"Hello123","host_id":1,"book_id":"gwgON2IwgDUC"}},{"id":"58","type":"club","attributes":{"name":"Hello123","host_id":1,"book_id":"gwgON2IwgDUC"}},{"id":"59","type":"club","attributes":{"name":"Hello123","host_id":1,"book_id":"gwgON2IwgDUC"}},{"id":"60","type":"club","attributes":{"name":"Hello123","host_id":1,"book_id":"gwgON2IwgDUC"}},{"id":"61","type":"club","attributes":{"name":"Hello123","host_id":1,"book_id":"gwgON2IwgDUC"}},{"id":"62","type":"club","attributes":{"name":"Hello123","host_id":1,"book_id":"gwgON2IwgDUC"}},{"id":"63","type":"club","attributes":{"name":"Hello123","host_id":1,"book_id":"gwgON2IwgDUC"}}]}'
  recorded_at: Wed, 16 Mar 2022 00:22:54 GMT
recorded_with: VCR 6.0.0
