---
http_interactions:
- request:
    method: post
    uri: http://localhost:3000/api/v1/users
    body:
      encoding: UTF-8
      string: '{"user":{"username":"happy22@example.com","email":"happy22@example.com"}}'
    headers:
      User-Agent:
      - Faraday v2.2.0
      Content-Type:
      - application/json
      Accept-Encoding:
      - gzip;q=1.0,deflate;q=0.6,identity;q=0.3
      Accept:
      - "*/*"
  response:
    status:
      code: 201
      message: Created
    headers:
      Content-Type:
      - application/json; charset=utf-8
      Etag:
      - W/"d03e84698f5e370effa03523b8867102"
      Cache-Control:
      - max-age=0, private, must-revalidate
      X-Request-Id:
      - 59c17dcb-7377-4f54-b237-d16ec9cd4a95
      X-Runtime:
      - '0.017541'
      Transfer-Encoding:
      - chunked
    body:
      encoding: UTF-8
      string: '{"data":{"id":"5","type":"user","attributes":{"username":"happy22@example.com","email":"happy22@example.com"}}}'
  recorded_at: Fri, 04 Mar 2022 04:10:26 GMT
- request:
    method: get
    uri: http://localhost:3000/api/v1/users/1/clubs
    body:
      encoding: US-ASCII
      string: ''
    headers:
      User-Agent:
      - Faraday v2.2.0
      Accept-Encoding:
      - gzip;q=1.0,deflate;q=0.6,identity;q=0.3
      Accept:
      - "*/*"
  response:
    status:
      code: 200
      message: OK
    headers:
      Content-Type:
      - application/json; charset=utf-8
      Etag:
      - W/"f7d8f677d5e2a6e8c75ca0710055ddb6"
      Cache-Control:
      - max-age=0, private, must-revalidate
      X-Request-Id:
      - 4d92bc24-0c37-415a-b15a-805b450f1534
      X-Runtime:
      - '0.032241'
      Transfer-Encoding:
      - chunked
    body:
      encoding: UTF-8
      string: '{"data":[{"id":"1","type":"club","attributes":{"name":"Cool Cats","host_id":1,"book_id":"ZV9DDwAAQBAJ"}},{"id":"4","type":"club","attributes":{"name":"Braniacs","host_id":6,"book_id":"5CzZzQEACAAJ"}},{"id":"5","type":"club","attributes":{"name":"thing","host_id":6,"book_id":"5CzZzQEACAAJ"}},{"id":"6","type":"club","attributes":{"name":"thing","host_id":6,"book_id":"5CzZzQEACAAJ"}}]}'
  recorded_at: Fri, 04 Mar 2022 04:10:26 GMT
- request:
    method: get
    uri: http://localhost:3000/api/v1/books/gwgON2IwgDUC
    body:
      encoding: US-ASCII
      string: ''
    headers:
      User-Agent:
      - Faraday v2.2.0
      Accept-Encoding:
      - gzip;q=1.0,deflate;q=0.6,identity;q=0.3
      Accept:
      - "*/*"
  response:
    status:
      code: 200
      message: OK
    headers:
      Content-Type:
      - application/json; charset=utf-8
      Etag:
      - W/"c43a8df5fe730c3975d8b38df0743f9a"
      Cache-Control:
      - max-age=0, private, must-revalidate
      X-Request-Id:
      - 1890ff83-6cac-4482-adb3-a1794dbcfe46
      X-Runtime:
      - '0.298081'
      Transfer-Encoding:
      - chunked
    body:
      encoding: UTF-8
      string: '{"data":{"id":"gwgON2IwgDUC","type":"book","attributes":{"title":"Pride
        and Prejudice","authors":["Jane Austen"],"genres":["Fiction / Classics"],"description":"Insight
        edition with engaging side notes that offer background on social customs,
        thoughts on the book''s themes of faith, and other engaging information.","rating":5,"image":"http://books.google.com/books/content?id=gwgON2IwgDUC\u0026printsec=frontcover\u0026img=1\u0026zoom=5\u0026edge=curl\u0026imgtk=AFLRE72DEEVm1KwnTNPT1pFQ-1lXOXb83FRlwJ3OwS5Z9BGDb9iZ0adigXqKeZ2DhnXxOcQly7z4yTaq9QcORmweEiSVD3AvONRr8axsp41x_uwNUk_XPJq04KtW4OAn6ccUsw1B3wKg\u0026source=gbs_api"}}}'
  recorded_at: Fri, 04 Mar 2022 04:10:26 GMT
recorded_with: VCR 6.0.0
