---
http_interactions:
- request:
    method: post
    uri: http://localhost:3000/api/v1/users
    body:
      encoding: UTF-8
      string: '{"user":{"username":"happy22@example.com","email":"happy22@example.com"}}'
    headers:
      User-Agent:
      - Faraday v2.2.0
      Content-Type:
      - application/json
      Accept-Encoding:
      - gzip;q=1.0,deflate;q=0.6,identity;q=0.3
      Accept:
      - "*/*"
  response:
    status:
      code: 201
      message: Created
    headers:
      Content-Type:
      - application/json; charset=utf-8
      Etag:
      - W/"d03e84698f5e370effa03523b8867102"
      Cache-Control:
      - max-age=0, private, must-revalidate
      X-Request-Id:
      - 8eb47a89-fe4d-48cf-9ba4-3007584ea2a2
      X-Runtime:
      - '0.003206'
      Transfer-Encoding:
      - chunked
    body:
      encoding: UTF-8
      string: '{"data":{"id":"5","type":"user","attributes":{"username":"happy22@example.com","email":"happy22@example.com"}}}'
  recorded_at: Mon, 14 Mar 2022 21:26:13 GMT
- request:
    method: get
    uri: http://localhost:3000/api/v1/users/1/clubs
    body:
      encoding: US-ASCII
      string: ''
    headers:
      User-Agent:
      - Faraday v2.2.0
      Accept-Encoding:
      - gzip;q=1.0,deflate;q=0.6,identity;q=0.3
      Accept:
      - "*/*"
  response:
    status:
      code: 200
      message: OK
    headers:
      Content-Type:
      - application/json; charset=utf-8
      Etag:
      - W/"f996a49f5ee0abdfac61c39657336d72"
      Cache-Control:
      - max-age=0, private, must-revalidate
      X-Request-Id:
      - 1d472262-d807-4f5d-8ec0-82867de4c58e
      X-Runtime:
      - '0.003847'
      Transfer-Encoding:
      - chunked
    body:
      encoding: UTF-8
      string: '{"data":[{"id":"1","type":"club","attributes":{"name":"Cool Cats","host_id":1,"book_id":"ZV9DDwAAQBAJ"}},{"id":"5","type":"club","attributes":{"name":"Hello123","host_id":1,"book_id":"gwgON2IwgDUC"}},{"id":"6","type":"club","attributes":{"name":"Hello123","host_id":1,"book_id":"gwgON2IwgDUC"}},{"id":"7","type":"club","attributes":{"name":"Hello123","host_id":1,"book_id":"gwgON2IwgDUC"}},{"id":"8","type":"club","attributes":{"name":"Hello123","host_id":1,"book_id":"gwgON2IwgDUC"}},{"id":"9","type":"club","attributes":{"name":"Hello123","host_id":1,"book_id":"gwgON2IwgDUC"}},{"id":"10","type":"club","attributes":{"name":"Hello123","host_id":1,"book_id":"gwgON2IwgDUC"}},{"id":"11","type":"club","attributes":{"name":"Hello123","host_id":1,"book_id":"gwgON2IwgDUC"}},{"id":"12","type":"club","attributes":{"name":"Hello123","host_id":1,"book_id":"gwgON2IwgDUC"}},{"id":"13","type":"club","attributes":{"name":"Hello123","host_id":1,"book_id":"gwgON2IwgDUC"}},{"id":"14","type":"club","attributes":{"name":"Hello123","host_id":1,"book_id":"gwgON2IwgDUC"}},{"id":"15","type":"club","attributes":{"name":"Hello123","host_id":1,"book_id":"gwgON2IwgDUC"}},{"id":"16","type":"club","attributes":{"name":"Hello123","host_id":1,"book_id":"gwgON2IwgDUC"}},{"id":"17","type":"club","attributes":{"name":"Hello123","host_id":1,"book_id":"gwgON2IwgDUC"}},{"id":"18","type":"club","attributes":{"name":"Hello123","host_id":1,"book_id":"gwgON2IwgDUC"}}]}'
  recorded_at: Mon, 14 Mar 2022 21:26:13 GMT
- request:
    method: get
    uri: http://localhost:3000/api/v1/books/gwgON2IwgDUC
    body:
      encoding: US-ASCII
      string: ''
    headers:
      User-Agent:
      - Faraday v2.2.0
      Accept-Encoding:
      - gzip;q=1.0,deflate;q=0.6,identity;q=0.3
      Accept:
      - "*/*"
  response:
    status:
      code: 200
      message: OK
    headers:
      Content-Type:
      - application/json; charset=utf-8
      Etag:
      - W/"a2252ee1f1bff2415a5c3bd2d1b4c7f7"
      Cache-Control:
      - max-age=0, private, must-revalidate
      X-Request-Id:
      - 18fa13ed-85ac-448c-be97-42c7e955a4fe
      X-Runtime:
      - '0.227905'
      Transfer-Encoding:
      - chunked
    body:
      encoding: UTF-8
      string: '{"data":{"id":"gwgON2IwgDUC","type":"book","attributes":{"title":"Pride
        and Prejudice","authors":["Jane Austen"],"genres":["Fiction / Classics"],"description":"Insight
        edition with engaging side notes that offer background on social customs,
        thoughts on the book''s themes of faith, and other engaging information.","rating":5,"image":"http://books.google.com/books/content?id=gwgON2IwgDUC\u0026printsec=frontcover\u0026img=1\u0026zoom=5\u0026edge=curl\u0026imgtk=AFLRE710pqIC2qktPQoxrKA7QpXZxL_mVdUegKT6-YoHtfGrb1pFzUiZfJHLgDg3Z6jy2y4pJusnrCHnPkD5P9C1-mY6iEIPnyzlDaqXf79hPieHbKmFuxGFYRPv_1dkbor1JM3he1UR\u0026source=gbs_api","larger_image":"http://books.google.com/books/content?id=gwgON2IwgDUC\u0026printsec=frontcover\u0026img=1\u0026zoom=1\u0026edge=curl\u0026imgtk=AFLRE71TfNrsx-AXdeaSoiwwIlrNOo9KolyZS7F4JimXBgGMcE5GhAg9JnzV-9U3uJ6nRxQ5WNig0d44tuX0PgP2esK1aLVewsXQ4TxkCo4xx486ta0-LLGoQqic3Y6hZFUUCJuqoicH\u0026source=gbs_api"}}}'
  recorded_at: Mon, 14 Mar 2022 21:26:13 GMT
recorded_with: VCR 6.0.0
