---
http_interactions:
- request:
    method: post
    uri: https://hidden-garden-03870.herokuapp.com/api/v1/users
    body:
      encoding: UTF-8
      string: '{"user":{"username":"happy22@example.com","email":"happy22@example.com"}}'
    headers:
      User-Agent:
      - Faraday v2.2.0
      Content-Type:
      - application/json
      Accept-Encoding:
      - gzip;q=1.0,deflate;q=0.6,identity;q=0.3
      Accept:
      - "*/*"
  response:
    status:
      code: 400
      message: Bad Request
    headers:
      Server:
      - Cowboy
      Date:
      - Fri, 11 Mar 2022 17:45:38 GMT
      Connection:
      - keep-alive
      Content-Type:
      - application/json; charset=utf-8
      Cache-Control:
      - no-cache
      X-Request-Id:
      - d8ed2b67-bad7-428c-9eaa-4fe8c1136f47
      X-Runtime:
      - '0.009296'
      Transfer-Encoding:
      - chunked
      Via:
      - 1.1 vegur
    body:
      encoding: UTF-8
      string: '{"error":{"exception":"Validation failed: Email has already been taken"}}'
  recorded_at: Fri, 11 Mar 2022 17:45:38 GMT
- request:
    method: get
    uri: https://hidden-garden-03870.herokuapp.com/api/v1/users
    body:
      encoding: UTF-8
      string: '{"user":{"username":"happy22@example.com","email":"happy22@example.com"}}'
    headers:
      User-Agent:
      - Faraday v2.2.0
      Content-Type:
      - application/json
      Accept-Encoding:
      - gzip;q=1.0,deflate;q=0.6,identity;q=0.3
      Accept:
      - "*/*"
  response:
    status:
      code: 200
      message: OK
    headers:
      Server:
      - Cowboy
      Date:
      - Fri, 11 Mar 2022 17:45:38 GMT
      Connection:
      - keep-alive
      Content-Type:
      - application/json; charset=utf-8
      Etag:
      - W/"771435033563aa0600eeef8fcb34a46b"
      Cache-Control:
      - max-age=0, private, must-revalidate
      X-Request-Id:
      - 242db344-d598-417d-b2a7-352f7dc9bbe8
      X-Runtime:
      - '0.007252'
      Transfer-Encoding:
      - chunked
      Via:
      - 1.1 vegur
    body:
      encoding: UTF-8
      string: '{"data":[{"id":"1","type":"user","attributes":{"username":"demitrimeer@yahoo.com","email":"demitrimeer@yahoo.com"}},{"id":"2","type":"user","attributes":{"username":"apaarn2211@gmail.com","email":"apaarn2211@gmail.com"}},{"id":"3","type":"user","attributes":{"username":"anavaro1995@gmail.com","email":"anavaro1995@gmail.com"}},{"id":"4","type":"user","attributes":{"username":"sierra.tucker121@gmail.com","email":"sierra.tucker121@gmail.com"}},{"id":"5","type":"user","attributes":{"username":"sierra.tucker121@gmail.com","email":"sierra.tucker121@gmail.com"}},{"id":"6","type":"user","attributes":{"username":"mountaingoat16@gmail.com","email":"mountaingoat16@gmail.com"}},{"id":"7","type":"user","attributes":{"username":"happy22@example.com","email":"happy22@example.com"}}]}'
  recorded_at: Fri, 11 Mar 2022 17:45:38 GMT
- request:
    method: get
    uri: https://hidden-garden-03870.herokuapp.com/api/v1/users/1/clubs
    body:
      encoding: US-ASCII
      string: ''
    headers:
      User-Agent:
      - Faraday v2.2.0
      Accept-Encoding:
      - gzip;q=1.0,deflate;q=0.6,identity;q=0.3
      Accept:
      - "*/*"
  response:
    status:
      code: 200
      message: OK
    headers:
      Server:
      - Cowboy
      Date:
      - Fri, 11 Mar 2022 17:45:38 GMT
      Connection:
      - keep-alive
      Content-Type:
      - application/json; charset=utf-8
      Etag:
      - W/"cba919a17fd8413896ff452aa25c6a33"
      Cache-Control:
      - max-age=0, private, must-revalidate
      X-Request-Id:
      - db06b36b-f508-436a-88a9-3c7331582a8e
      X-Runtime:
      - '0.014942'
      Transfer-Encoding:
      - chunked
      Via:
      - 1.1 vegur
    body:
      encoding: UTF-8
      string: '{"data":[{"id":"3","type":"club","attributes":{"name":"People love
        books","host_id":4,"book_id":"zrZM0POHzocC"}}]}'
  recorded_at: Fri, 11 Mar 2022 17:45:38 GMT
- request:
    method: get
    uri: https://hidden-garden-03870.herokuapp.com/api/v1/books/gwgON2IwgDUC
    body:
      encoding: US-ASCII
      string: ''
    headers:
      User-Agent:
      - Faraday v2.2.0
      Accept-Encoding:
      - gzip;q=1.0,deflate;q=0.6,identity;q=0.3
      Accept:
      - "*/*"
  response:
    status:
      code: 200
      message: OK
    headers:
      Server:
      - Cowboy
      Date:
      - Fri, 11 Mar 2022 17:45:39 GMT
      Connection:
      - keep-alive
      Content-Type:
      - application/json; charset=utf-8
      Etag:
      - W/"45c614d3905d9cfd3ec585de15899e37"
      Cache-Control:
      - max-age=0, private, must-revalidate
      X-Request-Id:
      - b20c9a0c-50d7-46d6-abd6-425857f38bb4
      X-Runtime:
      - '0.150107'
      Transfer-Encoding:
      - chunked
      Via:
      - 1.1 vegur
    body:
      encoding: UTF-8
      string: '{"data":{"id":"gwgON2IwgDUC","type":"book","attributes":{"title":"Pride
        and Prejudice","authors":["Jane Austen"],"genres":["Fiction / Classics"],"description":"Insight
        edition with engaging side notes that offer background on social customs,
        thoughts on the book''s themes of faith, and other engaging information.","rating":5,"image":"http://books.google.com/books/content?id=gwgON2IwgDUC\u0026printsec=frontcover\u0026img=1\u0026zoom=5\u0026edge=curl\u0026imgtk=AFLRE731ByDBzYmWeaWQgCe6j-8oSI0yijG5Qhd9c87dS4h52wiOJBcBChHZJUzfyQyH5CNxvYKdDOP3t6r5ZnbBf6A3b1HtMTb0ycIRtrIM2x6Y5KbLd9gn4c8xWl2uimNo22xW6pHH\u0026source=gbs_api"}}}'
  recorded_at: Fri, 11 Mar 2022 17:45:39 GMT
- request:
    method: get
    uri: https://hidden-garden-03870.herokuapp.com/api/v1/users
    body:
      encoding: US-ASCII
      string: ''
    headers:
      User-Agent:
      - Faraday v2.2.0
      Accept-Encoding:
      - gzip;q=1.0,deflate;q=0.6,identity;q=0.3
      Accept:
      - "*/*"
  response:
    status:
      code: 200
      message: OK
    headers:
      Server:
      - Cowboy
      Date:
      - Fri, 11 Mar 2022 17:45:39 GMT
      Connection:
      - keep-alive
      Content-Type:
      - application/json; charset=utf-8
      Etag:
      - W/"771435033563aa0600eeef8fcb34a46b"
      Cache-Control:
      - max-age=0, private, must-revalidate
      X-Request-Id:
      - f4d2025a-b0fb-4882-a10a-fade5f93931b
      X-Runtime:
      - '0.013239'
      Transfer-Encoding:
      - chunked
      Via:
      - 1.1 vegur
    body:
      encoding: UTF-8
      string: '{"data":[{"id":"1","type":"user","attributes":{"username":"demitrimeer@yahoo.com","email":"demitrimeer@yahoo.com"}},{"id":"2","type":"user","attributes":{"username":"apaarn2211@gmail.com","email":"apaarn2211@gmail.com"}},{"id":"3","type":"user","attributes":{"username":"anavaro1995@gmail.com","email":"anavaro1995@gmail.com"}},{"id":"4","type":"user","attributes":{"username":"sierra.tucker121@gmail.com","email":"sierra.tucker121@gmail.com"}},{"id":"5","type":"user","attributes":{"username":"sierra.tucker121@gmail.com","email":"sierra.tucker121@gmail.com"}},{"id":"6","type":"user","attributes":{"username":"mountaingoat16@gmail.com","email":"mountaingoat16@gmail.com"}},{"id":"7","type":"user","attributes":{"username":"happy22@example.com","email":"happy22@example.com"}}]}'
  recorded_at: Fri, 11 Mar 2022 17:45:39 GMT
- request:
    method: post
    uri: https://hidden-garden-03870.herokuapp.com/api/v1/clubs
    body:
      encoding: UTF-8
      string: club%5Bbook_id%5D=gwgON2IwgDUC&club%5Bhost_id%5D=1&club%5Bname%5D=Hello123&club%5Bparams%5D%5B%5D=1
    headers:
      User-Agent:
      - Faraday v2.2.0
      Content-Type:
      - application/x-www-form-urlencoded
      Accept-Encoding:
      - gzip;q=1.0,deflate;q=0.6,identity;q=0.3
      Accept:
      - "*/*"
  response:
    status:
      code: 201
      message: Created
    headers:
      Server:
      - Cowboy
      Date:
      - Fri, 11 Mar 2022 17:45:39 GMT
      Connection:
      - keep-alive
      Content-Type:
      - application/json; charset=utf-8
      Etag:
      - W/"6c832536bc7172a78fdc5e222847aafb"
      Cache-Control:
      - max-age=0, private, must-revalidate
      X-Request-Id:
      - 3cd0ab37-5693-4158-995f-6e26b9bf5003
      X-Runtime:
      - '0.036451'
      Transfer-Encoding:
      - chunked
      Via:
      - 1.1 vegur
    body:
      encoding: UTF-8
      string: '{"data":{"id":"4","type":"club","attributes":{"name":"Hello123","host_id":1,"book_id":"gwgON2IwgDUC"}}}'
  recorded_at: Fri, 11 Mar 2022 17:45:39 GMT
- request:
    method: get
    uri: https://hidden-garden-03870.herokuapp.com/api/v1/clubs/4
    body:
      encoding: US-ASCII
      string: ''
    headers:
      User-Agent:
      - Faraday v2.2.0
      Accept-Encoding:
      - gzip;q=1.0,deflate;q=0.6,identity;q=0.3
      Accept:
      - "*/*"
  response:
    status:
      code: 200
      message: OK
    headers:
      Server:
      - Cowboy
      Date:
      - Fri, 11 Mar 2022 17:45:39 GMT
      Connection:
      - keep-alive
      Content-Type:
      - application/json; charset=utf-8
      Etag:
      - W/"6c832536bc7172a78fdc5e222847aafb"
      Cache-Control:
      - max-age=0, private, must-revalidate
      X-Request-Id:
      - a05a79f4-f30b-4606-92ea-75c3463c16ea
      X-Runtime:
      - '0.005353'
      Transfer-Encoding:
      - chunked
      Via:
      - 1.1 vegur
    body:
      encoding: UTF-8
      string: '{"data":{"id":"4","type":"club","attributes":{"name":"Hello123","host_id":1,"book_id":"gwgON2IwgDUC"}}}'
  recorded_at: Fri, 11 Mar 2022 17:45:39 GMT
- request:
    method: get
    uri: https://hidden-garden-03870.herokuapp.com/api/v1/clubs/4/users
    body:
      encoding: US-ASCII
      string: ''
    headers:
      User-Agent:
      - Faraday v2.2.0
      Accept-Encoding:
      - gzip;q=1.0,deflate;q=0.6,identity;q=0.3
      Accept:
      - "*/*"
  response:
    status:
      code: 200
      message: OK
    headers:
      Server:
      - Cowboy
      Date:
      - Fri, 11 Mar 2022 17:45:39 GMT
      Connection:
      - keep-alive
      Content-Type:
      - application/json; charset=utf-8
      Etag:
      - W/"7a0bdc096008b3c1d9983a60443aab96"
      Cache-Control:
      - max-age=0, private, must-revalidate
      X-Request-Id:
      - 4b8ec8c5-1910-4cc2-8ae4-049abeb7d041
      X-Runtime:
      - '0.009014'
      Transfer-Encoding:
      - chunked
      Via:
      - 1.1 vegur
    body:
      encoding: UTF-8
      string: '{"data":[{"id":"1","type":"user","attributes":{"username":"demitrimeer@yahoo.com","email":"demitrimeer@yahoo.com"}}]}'
  recorded_at: Fri, 11 Mar 2022 17:45:39 GMT
- request:
    method: get
    uri: https://hidden-garden-03870.herokuapp.com/api/v1/books/gwgON2IwgDUC
    body:
      encoding: US-ASCII
      string: ''
    headers:
      User-Agent:
      - Faraday v2.2.0
      Accept-Encoding:
      - gzip;q=1.0,deflate;q=0.6,identity;q=0.3
      Accept:
      - "*/*"
  response:
    status:
      code: 200
      message: OK
    headers:
      Server:
      - Cowboy
      Date:
      - Fri, 11 Mar 2022 17:45:39 GMT
      Connection:
      - keep-alive
      Content-Type:
      - application/json; charset=utf-8
      Etag:
      - W/"a8c303f2c965bf7651caa8fd1d7a8b75"
      Cache-Control:
      - max-age=0, private, must-revalidate
      X-Request-Id:
      - 6f029757-d533-49dd-bc33-7a96931f7de7
      X-Runtime:
      - '0.247538'
      Transfer-Encoding:
      - chunked
      Via:
      - 1.1 vegur
    body:
      encoding: UTF-8
      string: '{"data":{"id":"gwgON2IwgDUC","type":"book","attributes":{"title":"Pride
        and Prejudice","authors":["Jane Austen"],"genres":["Fiction / Classics"],"description":"Insight
        edition with engaging side notes that offer background on social customs,
        thoughts on the book''s themes of faith, and other engaging information.","rating":5,"image":"http://books.google.com/books/content?id=gwgON2IwgDUC\u0026printsec=frontcover\u0026img=1\u0026zoom=5\u0026edge=curl\u0026imgtk=AFLRE71uixPuz1_ZloqdmBZdOQmEmq05zWRUyNLl4YWXqRUJAdYiV4KpeBLtRd3Zl83UTrCv8Glr20aBOjfED2Pa_bx8ybfdmHgntNzCMHCLIJxYNJvK9Yo2DQLXdZvsHe1nIECVvFxE\u0026source=gbs_api"}}}'
  recorded_at: Fri, 11 Mar 2022 17:45:40 GMT
- request:
    method: get
    uri: https://hidden-garden-03870.herokuapp.com/api/v1/clubs/4/comments
    body:
      encoding: US-ASCII
      string: ''
    headers:
      User-Agent:
      - Faraday v2.2.0
      Accept-Encoding:
      - gzip;q=1.0,deflate;q=0.6,identity;q=0.3
      Accept:
      - "*/*"
  response:
    status:
      code: 200
      message: OK
    headers:
      Server:
      - Cowboy
      Date:
      - Fri, 11 Mar 2022 17:45:39 GMT
      Connection:
      - keep-alive
      Content-Type:
      - application/json; charset=utf-8
      Etag:
      - W/"8fe32e407a1038ee38753b70e5374b3a"
      Cache-Control:
      - max-age=0, private, must-revalidate
      X-Request-Id:
      - 01d46f9c-b8ad-4af4-ae1a-b50ecdeae778
      X-Runtime:
      - '0.014528'
      Transfer-Encoding:
      - chunked
      Via:
      - 1.1 vegur
    body:
      encoding: UTF-8
      string: '{"data":[]}'
  recorded_at: Fri, 11 Mar 2022 17:45:40 GMT
recorded_with: VCR 6.0.0
