---
http_interactions:
- request:
    method: post
    uri: http://localhost:3000/api/v1/users
    body:
      encoding: UTF-8
      string: '{"user":{"username":"happy22@example.com","email":"happy22@example.com"}}'
    headers:
      User-Agent:
      - Faraday v2.2.0
      Content-Type:
      - application/json
      Accept-Encoding:
      - gzip;q=1.0,deflate;q=0.6,identity;q=0.3
      Accept:
      - "*/*"
  response:
    status:
      code: 201
      message: Created
    headers:
      Content-Type:
      - application/json; charset=utf-8
      Etag:
      - W/"d03e84698f5e370effa03523b8867102"
      Cache-Control:
      - max-age=0, private, must-revalidate
      X-Request-Id:
      - 956d2e75-0da9-4f9b-b59f-a00a5fd14020
      X-Runtime:
      - '0.173906'
      Transfer-Encoding:
      - chunked
    body:
      encoding: UTF-8
      string: '{"data":{"id":"5","type":"user","attributes":{"username":"happy22@example.com","email":"happy22@example.com"}}}'
  recorded_at: Fri, 04 Mar 2022 05:03:25 GMT
- request:
    method: get
    uri: http://localhost:3000/api/v1/users/1/clubs
    body:
      encoding: US-ASCII
      string: ''
    headers:
      User-Agent:
      - Faraday v2.2.0
      Accept-Encoding:
      - gzip;q=1.0,deflate;q=0.6,identity;q=0.3
      Accept:
      - "*/*"
  response:
    status:
      code: 200
      message: OK
    headers:
      Content-Type:
      - application/json; charset=utf-8
      Etag:
      - W/"a79034626d12acf07b29dc4be6440dff"
      Cache-Control:
      - max-age=0, private, must-revalidate
      X-Request-Id:
      - 462e2739-d785-4762-aeb8-016968e9ff79
      X-Runtime:
      - '0.045901'
      Transfer-Encoding:
      - chunked
    body:
      encoding: UTF-8
      string: '{"data":[{"id":"1","type":"club","attributes":{"name":"Cool Cats","host_id":1,"book_id":"ZV9DDwAAQBAJ"}},{"id":"4","type":"club","attributes":{"name":"Braniacs","host_id":6,"book_id":"5CzZzQEACAAJ"}},{"id":"5","type":"club","attributes":{"name":"thing","host_id":6,"book_id":"5CzZzQEACAAJ"}},{"id":"6","type":"club","attributes":{"name":"thing","host_id":6,"book_id":"5CzZzQEACAAJ"}},{"id":"15","type":"club","attributes":{"name":"Hello123","host_id":1,"book_id":"gwgON2IwgDUC"}},{"id":"16","type":"club","attributes":{"name":"Hello123","host_id":1,"book_id":"gwgON2IwgDUC"}}]}'
  recorded_at: Fri, 04 Mar 2022 05:03:25 GMT
- request:
    method: get
    uri: http://localhost:3000/api/v1/books/gwgON2IwgDUC
    body:
      encoding: US-ASCII
      string: ''
    headers:
      User-Agent:
      - Faraday v2.2.0
      Accept-Encoding:
      - gzip;q=1.0,deflate;q=0.6,identity;q=0.3
      Accept:
      - "*/*"
  response:
    status:
      code: 200
      message: OK
    headers:
      Content-Type:
      - application/json; charset=utf-8
      Etag:
      - W/"1634154c3f8318867fcb13a86774fe3f"
      Cache-Control:
      - max-age=0, private, must-revalidate
      X-Request-Id:
      - 6ff98ab2-c62a-4993-853d-5ae1651baed9
      X-Runtime:
      - '0.288757'
      Transfer-Encoding:
      - chunked
    body:
      encoding: UTF-8
      string: '{"data":{"id":"gwgON2IwgDUC","type":"book","attributes":{"title":"Pride
        and Prejudice","authors":["Jane Austen"],"genres":["Fiction / Classics"],"description":"Insight
        edition with engaging side notes that offer background on social customs,
        thoughts on the book''s themes of faith, and other engaging information.","rating":5,"image":"http://books.google.com/books/content?id=gwgON2IwgDUC\u0026printsec=frontcover\u0026img=1\u0026zoom=5\u0026edge=curl\u0026imgtk=AFLRE70Klp0xhS3bQhrcZsiqDzXOr-7zPBIPSyP-M09DbdNpCYo8iBfvHVPs2zFC0bj3x7IjevI5Gk7NpLDzlI88zV2ekonsXuIBZX8t4ynIdMZlpEWoyPDboox1AzbayarccZ1QTWEX\u0026source=gbs_api"}}}'
  recorded_at: Fri, 04 Mar 2022 05:03:25 GMT
- request:
    method: get
    uri: http://localhost:3000/api/v1/users
    body:
      encoding: US-ASCII
      string: ''
    headers:
      User-Agent:
      - Faraday v2.2.0
      Accept-Encoding:
      - gzip;q=1.0,deflate;q=0.6,identity;q=0.3
      Accept:
      - "*/*"
  response:
    status:
      code: 200
      message: OK
    headers:
      Content-Type:
      - application/json; charset=utf-8
      Etag:
      - W/"0c0f2eed71f39bd3172cc28f0e2a28d7"
      Cache-Control:
      - max-age=0, private, must-revalidate
      X-Request-Id:
      - 2d63f370-ebd8-4316-99aa-10114833ebd7
      X-Runtime:
      - '0.004235'
      Transfer-Encoding:
      - chunked
    body:
      encoding: UTF-8
      string: '{"data":[{"id":"1","type":"user","attributes":{"username":"1","email":"1@mail.com"}},{"id":"2","type":"user","attributes":{"username":"2","email":"2@mail.com"}},{"id":"3","type":"user","attributes":{"username":"3","email":"3@mail.com"}},{"id":"4","type":"user","attributes":{"username":"4","email":"4@mail.com"}},{"id":"5","type":"user","attributes":{"username":"happy22@example.com","email":"happy22@example.com"}},{"id":"6","type":"user","attributes":{"username":"dabrad@gmail.com","email":"dabrad@gmail.com"}}]}'
  recorded_at: Fri, 04 Mar 2022 05:03:25 GMT
- request:
    method: post
    uri: http://localhost:3000/api/v1/clubs
    body:
      encoding: UTF-8
      string: club%5Bbook_id%5D=gwgON2IwgDUC&club%5Bhost_id%5D=1&club%5Bname%5D=Hello123&club%5Bparams%5D%5B%5D=1
    headers:
      User-Agent:
      - Faraday v2.2.0
      Content-Type:
      - application/x-www-form-urlencoded
      Accept-Encoding:
      - gzip;q=1.0,deflate;q=0.6,identity;q=0.3
      Accept:
      - "*/*"
  response:
    status:
      code: 201
      message: Created
    headers:
      Content-Type:
      - application/json; charset=utf-8
      Etag:
      - W/"713935bcaeb4391df3c441929e855cd1"
      Cache-Control:
      - max-age=0, private, must-revalidate
      X-Request-Id:
      - 22c68bdb-fe66-4ff9-b4a5-6f587669843e
      X-Runtime:
      - '0.133831'
      Transfer-Encoding:
      - chunked
    body:
      encoding: UTF-8
      string: '{"data":{"id":"18","type":"club","attributes":{"name":"Hello123","host_id":1,"book_id":"gwgON2IwgDUC"}}}'
  recorded_at: Fri, 04 Mar 2022 05:03:25 GMT
- request:
    method: get
    uri: http://localhost:3000/api/v1/clubs/18
    body:
      encoding: US-ASCII
      string: ''
    headers:
      User-Agent:
      - Faraday v2.2.0
      Accept-Encoding:
      - gzip;q=1.0,deflate;q=0.6,identity;q=0.3
      Accept:
      - "*/*"
  response:
    status:
      code: 200
      message: OK
    headers:
      Content-Type:
      - application/json; charset=utf-8
      Etag:
      - W/"713935bcaeb4391df3c441929e855cd1"
      Cache-Control:
      - max-age=0, private, must-revalidate
      X-Request-Id:
      - 55db72d6-7089-4e22-91e0-e3e6b4bf7baa
      X-Runtime:
      - '0.003221'
      Transfer-Encoding:
      - chunked
    body:
      encoding: UTF-8
      string: '{"data":{"id":"18","type":"club","attributes":{"name":"Hello123","host_id":1,"book_id":"gwgON2IwgDUC"}}}'
  recorded_at: Fri, 04 Mar 2022 05:03:25 GMT
- request:
    method: get
    uri: http://localhost:3000/api/v1/clubs/18/users
    body:
      encoding: US-ASCII
      string: ''
    headers:
      User-Agent:
      - Faraday v2.2.0
      Accept-Encoding:
      - gzip;q=1.0,deflate;q=0.6,identity;q=0.3
      Accept:
      - "*/*"
  response:
    status:
      code: 200
      message: OK
    headers:
      Content-Type:
      - application/json; charset=utf-8
      Etag:
      - W/"2f3da8eaea413591c724a68762f798a5"
      Cache-Control:
      - max-age=0, private, must-revalidate
      X-Request-Id:
      - a5eb3c4d-913d-49af-9d25-5fa5030ea1e2
      X-Runtime:
      - '0.007918'
      Transfer-Encoding:
      - chunked
    body:
      encoding: UTF-8
      string: '{"data":[{"id":"1","type":"user","attributes":{"username":"1","email":"1@mail.com"}}]}'
  recorded_at: Fri, 04 Mar 2022 05:03:26 GMT
- request:
    method: get
    uri: http://localhost:3000/api/v1/books/gwgON2IwgDUC
    body:
      encoding: US-ASCII
      string: ''
    headers:
      User-Agent:
      - Faraday v2.2.0
      Accept-Encoding:
      - gzip;q=1.0,deflate;q=0.6,identity;q=0.3
      Accept:
      - "*/*"
  response:
    status:
      code: 200
      message: OK
    headers:
      Content-Type:
      - application/json; charset=utf-8
      Etag:
      - W/"8b6c688b1787ee8bf79370bf4731d33b"
      Cache-Control:
      - max-age=0, private, must-revalidate
      X-Request-Id:
      - 6b17b0dd-2873-460a-bbbb-69ff98cc9ab0
      X-Runtime:
      - '0.258466'
      Transfer-Encoding:
      - chunked
    body:
      encoding: UTF-8
      string: '{"data":{"id":"gwgON2IwgDUC","type":"book","attributes":{"title":"Pride
        and Prejudice","authors":["Jane Austen"],"genres":["Fiction / Classics"],"description":"Insight
        edition with engaging side notes that offer background on social customs,
        thoughts on the book''s themes of faith, and other engaging information.","rating":5,"image":"http://books.google.com/books/content?id=gwgON2IwgDUC\u0026printsec=frontcover\u0026img=1\u0026zoom=5\u0026edge=curl\u0026imgtk=AFLRE72sRqtU0yN1BL-cITMRgXb-ST8d5dcVZcr80l1BPJoHLK3mvy_8fgU8GUIRUXxZYjrVWmQ6JI93qFZtNw5BBEE9Ee4fVKf3eBR5sc2W23ZW2sMQezQbOjvkmbGwudjGwpFdS9RG\u0026source=gbs_api"}}}'
  recorded_at: Fri, 04 Mar 2022 05:03:26 GMT
- request:
    method: get
    uri: http://localhost:3000/api/v1/clubs/18/comments
    body:
      encoding: US-ASCII
      string: ''
    headers:
      User-Agent:
      - Faraday v2.2.0
      Accept-Encoding:
      - gzip;q=1.0,deflate;q=0.6,identity;q=0.3
      Accept:
      - "*/*"
  response:
    status:
      code: 200
      message: OK
    headers:
      Content-Type:
      - application/json; charset=utf-8
      Etag:
      - W/"8fe32e407a1038ee38753b70e5374b3a"
      Cache-Control:
      - max-age=0, private, must-revalidate
      X-Request-Id:
      - 0f328eed-97b1-41db-9c64-44fabf33bc63
      X-Runtime:
      - '0.005407'
      Transfer-Encoding:
      - chunked
    body:
      encoding: UTF-8
      string: '{"data":[]}'
  recorded_at: Fri, 04 Mar 2022 05:03:26 GMT
recorded_with: VCR 6.0.0
