---
http_interactions:
- request:
    method: post
    uri: https://hidden-garden-03870.herokuapp.com/api/v1/users
    body:
      encoding: UTF-8
      string: '{"user":{"username":"happy22@example.com","email":"happy22@example.com"}}'
    headers:
      User-Agent:
      - Faraday v2.2.0
      Content-Type:
      - application/json
      Accept-Encoding:
      - gzip;q=1.0,deflate;q=0.6,identity;q=0.3
      Accept:
      - "*/*"
  response:
    status:
      code: 400
      message: Bad Request
    headers:
      Server:
      - Cowboy
      Date:
      - Fri, 11 Mar 2022 17:45:41 GMT
      Connection:
      - keep-alive
      Content-Type:
      - application/json; charset=utf-8
      Cache-Control:
      - no-cache
      X-Request-Id:
      - d8d36fd1-50a2-4b50-be43-866724e3493f
      X-Runtime:
      - '0.010962'
      Transfer-Encoding:
      - chunked
      Via:
      - 1.1 vegur
    body:
      encoding: UTF-8
      string: '{"error":{"exception":"Validation failed: Email has already been taken"}}'
  recorded_at: Fri, 11 Mar 2022 17:45:42 GMT
- request:
    method: get
    uri: https://hidden-garden-03870.herokuapp.com/api/v1/users
    body:
      encoding: UTF-8
      string: '{"user":{"username":"happy22@example.com","email":"happy22@example.com"}}'
    headers:
      User-Agent:
      - Faraday v2.2.0
      Content-Type:
      - application/json
      Accept-Encoding:
      - gzip;q=1.0,deflate;q=0.6,identity;q=0.3
      Accept:
      - "*/*"
  response:
    status:
      code: 200
      message: OK
    headers:
      Server:
      - Cowboy
      Date:
      - Fri, 11 Mar 2022 17:45:41 GMT
      Connection:
      - keep-alive
      Content-Type:
      - application/json; charset=utf-8
      Etag:
      - W/"771435033563aa0600eeef8fcb34a46b"
      Cache-Control:
      - max-age=0, private, must-revalidate
      X-Request-Id:
      - 5a23c626-00c2-45c1-9d25-e303b1650e13
      X-Runtime:
      - '0.009336'
      Transfer-Encoding:
      - chunked
      Via:
      - 1.1 vegur
    body:
      encoding: UTF-8
      string: '{"data":[{"id":"1","type":"user","attributes":{"username":"demitrimeer@yahoo.com","email":"demitrimeer@yahoo.com"}},{"id":"2","type":"user","attributes":{"username":"apaarn2211@gmail.com","email":"apaarn2211@gmail.com"}},{"id":"3","type":"user","attributes":{"username":"anavaro1995@gmail.com","email":"anavaro1995@gmail.com"}},{"id":"4","type":"user","attributes":{"username":"sierra.tucker121@gmail.com","email":"sierra.tucker121@gmail.com"}},{"id":"5","type":"user","attributes":{"username":"sierra.tucker121@gmail.com","email":"sierra.tucker121@gmail.com"}},{"id":"6","type":"user","attributes":{"username":"mountaingoat16@gmail.com","email":"mountaingoat16@gmail.com"}},{"id":"7","type":"user","attributes":{"username":"happy22@example.com","email":"happy22@example.com"}}]}'
  recorded_at: Fri, 11 Mar 2022 17:45:42 GMT
- request:
    method: get
    uri: https://hidden-garden-03870.herokuapp.com/api/v1/users/1/clubs
    body:
      encoding: US-ASCII
      string: ''
    headers:
      User-Agent:
      - Faraday v2.2.0
      Accept-Encoding:
      - gzip;q=1.0,deflate;q=0.6,identity;q=0.3
      Accept:
      - "*/*"
  response:
    status:
      code: 200
      message: OK
    headers:
      Server:
      - Cowboy
      Date:
      - Fri, 11 Mar 2022 17:45:41 GMT
      Connection:
      - keep-alive
      Content-Type:
      - application/json; charset=utf-8
      Etag:
      - W/"97f7c53ef0415cb8d938fb20115d9871"
      Cache-Control:
      - max-age=0, private, must-revalidate
      X-Request-Id:
      - f8fdd08a-d2bd-4199-88d9-9658ddc32f07
      X-Runtime:
      - '0.010604'
      Transfer-Encoding:
      - chunked
      Via:
      - 1.1 vegur
    body:
      encoding: UTF-8
      string: '{"data":[{"id":"3","type":"club","attributes":{"name":"People love
        books","host_id":4,"book_id":"zrZM0POHzocC"}},{"id":"4","type":"club","attributes":{"name":"Hello123","host_id":1,"book_id":"gwgON2IwgDUC"}},{"id":"5","type":"club","attributes":{"name":"Hello123","host_id":1,"book_id":"gwgON2IwgDUC"}}]}'
  recorded_at: Fri, 11 Mar 2022 17:45:42 GMT
- request:
    method: get
    uri: https://hidden-garden-03870.herokuapp.com/api/v1/books/gwgON2IwgDUC
    body:
      encoding: US-ASCII
      string: ''
    headers:
      User-Agent:
      - Faraday v2.2.0
      Accept-Encoding:
      - gzip;q=1.0,deflate;q=0.6,identity;q=0.3
      Accept:
      - "*/*"
  response:
    status:
      code: 200
      message: OK
    headers:
      Server:
      - Cowboy
      Date:
      - Fri, 11 Mar 2022 17:45:42 GMT
      Connection:
      - keep-alive
      Content-Type:
      - application/json; charset=utf-8
      Etag:
      - W/"c37829232b610a2f2faeff6f764f3a8f"
      Cache-Control:
      - max-age=0, private, must-revalidate
      X-Request-Id:
      - 87f49a6c-ade6-4a2c-9519-0b0035eb1ee3
      X-Runtime:
      - '0.180038'
      Transfer-Encoding:
      - chunked
      Via:
      - 1.1 vegur
    body:
      encoding: UTF-8
      string: '{"data":{"id":"gwgON2IwgDUC","type":"book","attributes":{"title":"Pride
        and Prejudice","authors":["Jane Austen"],"genres":["Fiction / Classics"],"description":"Insight
        edition with engaging side notes that offer background on social customs,
        thoughts on the book''s themes of faith, and other engaging information.","rating":5,"image":"http://books.google.com/books/content?id=gwgON2IwgDUC\u0026printsec=frontcover\u0026img=1\u0026zoom=5\u0026edge=curl\u0026imgtk=AFLRE703YRmkQst48xUlQZjnoxmRkagjKIo0Vnc1sWIDz_AygeOc4ACQ6FmgGGaVFCSw_mF3o78NkEV3dzou0-wKGv7Qaqzst3Ksi9XRFd7I20laJm09lUD9JeIWnt6I80uMAzKGUTo3\u0026source=gbs_api"}}}'
  recorded_at: Fri, 11 Mar 2022 17:45:42 GMT
- request:
    method: get
    uri: https://hidden-garden-03870.herokuapp.com/api/v1/users
    body:
      encoding: US-ASCII
      string: ''
    headers:
      User-Agent:
      - Faraday v2.2.0
      Accept-Encoding:
      - gzip;q=1.0,deflate;q=0.6,identity;q=0.3
      Accept:
      - "*/*"
  response:
    status:
      code: 200
      message: OK
    headers:
      Server:
      - Cowboy
      Date:
      - Fri, 11 Mar 2022 17:45:42 GMT
      Connection:
      - keep-alive
      Content-Type:
      - application/json; charset=utf-8
      Etag:
      - W/"771435033563aa0600eeef8fcb34a46b"
      Cache-Control:
      - max-age=0, private, must-revalidate
      X-Request-Id:
      - 5125dcf1-aec5-4964-9089-4c3631639d85
      X-Runtime:
      - '0.004646'
      Transfer-Encoding:
      - chunked
      Via:
      - 1.1 vegur
    body:
      encoding: UTF-8
      string: '{"data":[{"id":"1","type":"user","attributes":{"username":"demitrimeer@yahoo.com","email":"demitrimeer@yahoo.com"}},{"id":"2","type":"user","attributes":{"username":"apaarn2211@gmail.com","email":"apaarn2211@gmail.com"}},{"id":"3","type":"user","attributes":{"username":"anavaro1995@gmail.com","email":"anavaro1995@gmail.com"}},{"id":"4","type":"user","attributes":{"username":"sierra.tucker121@gmail.com","email":"sierra.tucker121@gmail.com"}},{"id":"5","type":"user","attributes":{"username":"sierra.tucker121@gmail.com","email":"sierra.tucker121@gmail.com"}},{"id":"6","type":"user","attributes":{"username":"mountaingoat16@gmail.com","email":"mountaingoat16@gmail.com"}},{"id":"7","type":"user","attributes":{"username":"happy22@example.com","email":"happy22@example.com"}}]}'
  recorded_at: Fri, 11 Mar 2022 17:45:42 GMT
- request:
    method: post
    uri: https://hidden-garden-03870.herokuapp.com/api/v1/clubs
    body:
      encoding: UTF-8
      string: club%5Bbook_id%5D=gwgON2IwgDUC&club%5Bhost_id%5D=1&club%5Bname%5D=Hello123&club%5Bparams%5D%5B%5D=1
    headers:
      User-Agent:
      - Faraday v2.2.0
      Content-Type:
      - application/x-www-form-urlencoded
      Accept-Encoding:
      - gzip;q=1.0,deflate;q=0.6,identity;q=0.3
      Accept:
      - "*/*"
  response:
    status:
      code: 201
      message: Created
    headers:
      Server:
      - Cowboy
      Date:
      - Fri, 11 Mar 2022 17:45:42 GMT
      Connection:
      - keep-alive
      Content-Type:
      - application/json; charset=utf-8
      Etag:
      - W/"65ed9649cb48045de388092baa84e39a"
      Cache-Control:
      - max-age=0, private, must-revalidate
      X-Request-Id:
      - 10c3f62a-bb71-4f76-936d-8c37cfa83f3d
      X-Runtime:
      - '0.019318'
      Transfer-Encoding:
      - chunked
      Via:
      - 1.1 vegur
    body:
      encoding: UTF-8
      string: '{"data":{"id":"6","type":"club","attributes":{"name":"Hello123","host_id":1,"book_id":"gwgON2IwgDUC"}}}'
  recorded_at: Fri, 11 Mar 2022 17:45:43 GMT
- request:
    method: get
    uri: https://hidden-garden-03870.herokuapp.com/api/v1/clubs/6
    body:
      encoding: US-ASCII
      string: ''
    headers:
      User-Agent:
      - Faraday v2.2.0
      Accept-Encoding:
      - gzip;q=1.0,deflate;q=0.6,identity;q=0.3
      Accept:
      - "*/*"
  response:
    status:
      code: 200
      message: OK
    headers:
      Server:
      - Cowboy
      Date:
      - Fri, 11 Mar 2022 17:45:42 GMT
      Connection:
      - keep-alive
      Content-Type:
      - application/json; charset=utf-8
      Etag:
      - W/"65ed9649cb48045de388092baa84e39a"
      Cache-Control:
      - max-age=0, private, must-revalidate
      X-Request-Id:
      - 4b0bbdb8-23ab-4bca-9941-b7202de90fe6
      X-Runtime:
      - '0.006196'
      Transfer-Encoding:
      - chunked
      Via:
      - 1.1 vegur
    body:
      encoding: UTF-8
      string: '{"data":{"id":"6","type":"club","attributes":{"name":"Hello123","host_id":1,"book_id":"gwgON2IwgDUC"}}}'
  recorded_at: Fri, 11 Mar 2022 17:45:43 GMT
- request:
    method: get
    uri: https://hidden-garden-03870.herokuapp.com/api/v1/clubs/6/users
    body:
      encoding: US-ASCII
      string: ''
    headers:
      User-Agent:
      - Faraday v2.2.0
      Accept-Encoding:
      - gzip;q=1.0,deflate;q=0.6,identity;q=0.3
      Accept:
      - "*/*"
  response:
    status:
      code: 200
      message: OK
    headers:
      Server:
      - Cowboy
      Date:
      - Fri, 11 Mar 2022 17:45:42 GMT
      Connection:
      - keep-alive
      Content-Type:
      - application/json; charset=utf-8
      Etag:
      - W/"7a0bdc096008b3c1d9983a60443aab96"
      Cache-Control:
      - max-age=0, private, must-revalidate
      X-Request-Id:
      - f0eedad3-91d5-4b05-a388-3b69df3d8693
      X-Runtime:
      - '0.007324'
      Transfer-Encoding:
      - chunked
      Via:
      - 1.1 vegur
    body:
      encoding: UTF-8
      string: '{"data":[{"id":"1","type":"user","attributes":{"username":"demitrimeer@yahoo.com","email":"demitrimeer@yahoo.com"}}]}'
  recorded_at: Fri, 11 Mar 2022 17:45:43 GMT
- request:
    method: get
    uri: https://hidden-garden-03870.herokuapp.com/api/v1/books/gwgON2IwgDUC
    body:
      encoding: US-ASCII
      string: ''
    headers:
      User-Agent:
      - Faraday v2.2.0
      Accept-Encoding:
      - gzip;q=1.0,deflate;q=0.6,identity;q=0.3
      Accept:
      - "*/*"
  response:
    status:
      code: 200
      message: OK
    headers:
      Server:
      - Cowboy
      Date:
      - Fri, 11 Mar 2022 17:45:42 GMT
      Connection:
      - keep-alive
      Content-Type:
      - application/json; charset=utf-8
      Etag:
      - W/"55fbd27a1472ac3ebbb0ea5fd08b0f2b"
      Cache-Control:
      - max-age=0, private, must-revalidate
      X-Request-Id:
      - 2d9c6569-f330-49ea-9492-fe840fa1c953
      X-Runtime:
      - '0.140273'
      Transfer-Encoding:
      - chunked
      Via:
      - 1.1 vegur
    body:
      encoding: UTF-8
      string: '{"data":{"id":"gwgON2IwgDUC","type":"book","attributes":{"title":"Pride
        and Prejudice","authors":["Jane Austen"],"genres":["Fiction / Classics"],"description":"Insight
        edition with engaging side notes that offer background on social customs,
        thoughts on the book''s themes of faith, and other engaging information.","rating":5,"image":"http://books.google.com/books/content?id=gwgON2IwgDUC\u0026printsec=frontcover\u0026img=1\u0026zoom=5\u0026edge=curl\u0026imgtk=AFLRE71oE0jJsNFwXYaDoA55K4w2cfukXHupqLRjm3ll5dysghQ5JzOG3MyoBpkJVh7aglbZ4uML4mMkPlm2Au77iKeszLViBG9gpbovWDicRSfwOttE0JnD-jYTZLhwjOasN7zKgvJb\u0026source=gbs_api"}}}'
  recorded_at: Fri, 11 Mar 2022 17:45:43 GMT
- request:
    method: get
    uri: https://hidden-garden-03870.herokuapp.com/api/v1/clubs/6/comments
    body:
      encoding: US-ASCII
      string: ''
    headers:
      User-Agent:
      - Faraday v2.2.0
      Accept-Encoding:
      - gzip;q=1.0,deflate;q=0.6,identity;q=0.3
      Accept:
      - "*/*"
  response:
    status:
      code: 200
      message: OK
    headers:
      Server:
      - Cowboy
      Date:
      - Fri, 11 Mar 2022 17:45:43 GMT
      Connection:
      - keep-alive
      Content-Type:
      - application/json; charset=utf-8
      Etag:
      - W/"8fe32e407a1038ee38753b70e5374b3a"
      Cache-Control:
      - max-age=0, private, must-revalidate
      X-Request-Id:
      - bc57780d-ec23-4be1-8ed3-f6b5ad817e48
      X-Runtime:
      - '0.008400'
      Transfer-Encoding:
      - chunked
      Via:
      - 1.1 vegur
    body:
      encoding: UTF-8
      string: '{"data":[]}'
  recorded_at: Fri, 11 Mar 2022 17:45:43 GMT
recorded_with: VCR 6.0.0
