---
http_interactions:
- request:
    method: post
    uri: http://localhost:3000/api/v1/users
    body:
      encoding: UTF-8
      string: '{"user":{"username":"happy22@example.com","email":"happy22@example.com"}}'
    headers:
      User-Agent:
      - Faraday v2.2.0
      Content-Type:
      - application/json
      Accept-Encoding:
      - gzip;q=1.0,deflate;q=0.6,identity;q=0.3
      Accept:
      - "*/*"
  response:
    status:
      code: 201
      message: Created
    headers:
      Content-Type:
      - application/json; charset=utf-8
      Etag:
      - W/"86d9c73a03e7253a0c8f0b99f8231028"
      Cache-Control:
      - max-age=0, private, must-revalidate
      X-Request-Id:
      - 0ea09c41-9cb2-4602-9da6-639ab507cafa
      X-Runtime:
      - '0.002375'
      Transfer-Encoding:
      - chunked
    body:
      encoding: UTF-8
      string: '{"data":{"id":"6","type":"user","attributes":{"username":"happy22@example.com","email":"happy22@example.com"}}}'
  recorded_at: Fri, 04 Mar 2022 05:51:58 GMT
- request:
    method: get
    uri: http://localhost:3000/api/v1/users/1/clubs
    body:
      encoding: US-ASCII
      string: ''
    headers:
      User-Agent:
      - Faraday v2.2.0
      Accept-Encoding:
      - gzip;q=1.0,deflate;q=0.6,identity;q=0.3
      Accept:
      - "*/*"
  response:
    status:
      code: 200
      message: OK
    headers:
      Content-Type:
      - application/json; charset=utf-8
      Etag:
      - W/"57e9ceb00c8887abb42da38a68fbfee5"
      Cache-Control:
      - max-age=0, private, must-revalidate
      X-Request-Id:
      - e8a00cfc-88ad-443a-a0b5-44dee7e8a793
      X-Runtime:
      - '0.003901'
      Transfer-Encoding:
      - chunked
    body:
      encoding: UTF-8
      string: '{"data":[{"id":"1","type":"club","attributes":{"name":"Cool Cats","host_id":1,"book_id":"ZV9DDwAAQBAJ"}},{"id":"4","type":"club","attributes":{"name":"hello8","host_id":5,"book_id":"ZV9DDwAAQBAJ"}},{"id":"9","type":"club","attributes":{"name":"hello8","host_id":5,"book_id":"ZV9DDwAAQBAJ"}},{"id":"10","type":"club","attributes":{"name":"hello8","host_id":5,"book_id":"ZV9DDwAAQBAJ"}},{"id":"11","type":"club","attributes":{"name":"Hello123","host_id":1,"book_id":"gwgON2IwgDUC"}},{"id":"12","type":"club","attributes":{"name":"Hello123","host_id":1,"book_id":"gwgON2IwgDUC"}},{"id":"13","type":"club","attributes":{"name":"Hello123","host_id":1,"book_id":"gwgON2IwgDUC"}},{"id":"14","type":"club","attributes":{"name":"Hello123","host_id":1,"book_id":"gwgON2IwgDUC"}},{"id":"15","type":"club","attributes":{"name":"Hello123","host_id":1,"book_id":"gwgON2IwgDUC"}},{"id":"16","type":"club","attributes":{"name":"Hello123","host_id":1,"book_id":"gwgON2IwgDUC"}},{"id":"17","type":"club","attributes":{"name":"Hello123","host_id":1,"book_id":"gwgON2IwgDUC"}},{"id":"18","type":"club","attributes":{"name":"Hello123","host_id":1,"book_id":"gwgON2IwgDUC"}},{"id":"19","type":"club","attributes":{"name":"Hello123","host_id":1,"book_id":"gwgON2IwgDUC"}},{"id":"20","type":"club","attributes":{"name":"Hello123","host_id":1,"book_id":"gwgON2IwgDUC"}},{"id":"21","type":"club","attributes":{"name":"Hello123","host_id":1,"book_id":"gwgON2IwgDUC"}},{"id":"22","type":"club","attributes":{"name":"Hello123","host_id":1,"book_id":"gwgON2IwgDUC"}},{"id":"23","type":"club","attributes":{"name":"Hello123","host_id":1,"book_id":"gwgON2IwgDUC"}},{"id":"24","type":"club","attributes":{"name":"Hello123","host_id":1,"book_id":"gwgON2IwgDUC"}},{"id":"25","type":"club","attributes":{"name":"club1","host_id":6,"book_id":"ZV9DDwAAQBAJ"}},{"id":"27","type":"club","attributes":{"name":"club3","host_id":5,"book_id":"ZV9DDwAAQBAJ"}},{"id":"28","type":"club","attributes":{"name":"Hello123","host_id":1,"book_id":"gwgON2IwgDUC"}},{"id":"29","type":"club","attributes":{"name":"Hello123","host_id":1,"book_id":"gwgON2IwgDUC"}}]}'
  recorded_at: Fri, 04 Mar 2022 05:51:58 GMT
- request:
    method: get
    uri: http://localhost:3000/api/v1/books/gwgON2IwgDUC
    body:
      encoding: US-ASCII
      string: ''
    headers:
      User-Agent:
      - Faraday v2.2.0
      Accept-Encoding:
      - gzip;q=1.0,deflate;q=0.6,identity;q=0.3
      Accept:
      - "*/*"
  response:
    status:
      code: 200
      message: OK
    headers:
      Content-Type:
      - application/json; charset=utf-8
      Etag:
      - W/"adbeefa576d0d51426d7f7aa238e6270"
      Cache-Control:
      - max-age=0, private, must-revalidate
      X-Request-Id:
      - 10e0f55f-7a90-4df4-a7f9-1fb3e2a87cfd
      X-Runtime:
      - '0.112410'
      Transfer-Encoding:
      - chunked
    body:
      encoding: UTF-8
      string: '{"data":{"id":"gwgON2IwgDUC","type":"book","attributes":{"title":"Pride
        and Prejudice","authors":["Jane Austen"],"genres":["Fiction / Classics"],"description":"Insight
        edition with engaging side notes that offer background on social customs,
        thoughts on the book''s themes of faith, and other engaging information.","rating":5,"image":"http://books.google.com/books/content?id=gwgON2IwgDUC\u0026printsec=frontcover\u0026img=1\u0026zoom=5\u0026edge=curl\u0026imgtk=AFLRE73oLExNIDmGkMpGLGeuibHsEU_qEUBShTEjoBkQn5IOZmxH_w8vHE0SMLz1pMTkmZN7BPWTDH49pKowCwTtqj-EBr0YY7NaSbvz1-0J5yr0OikJ--FVPB-Zdu0VBIdgTlxZ5Kit\u0026source=gbs_api"}}}'
  recorded_at: Fri, 04 Mar 2022 05:51:58 GMT
- request:
    method: get
    uri: http://localhost:3000/api/v1/users
    body:
      encoding: US-ASCII
      string: ''
    headers:
      User-Agent:
      - Faraday v2.2.0
      Accept-Encoding:
      - gzip;q=1.0,deflate;q=0.6,identity;q=0.3
      Accept:
      - "*/*"
  response:
    status:
      code: 200
      message: OK
    headers:
      Content-Type:
      - application/json; charset=utf-8
      Etag:
      - W/"c851cbb88b96776066896e16620b8a66"
      Cache-Control:
      - max-age=0, private, must-revalidate
      X-Request-Id:
      - 0a28e43c-0f62-40cc-a82b-519661a0df82
      X-Runtime:
      - '0.001891'
      Transfer-Encoding:
      - chunked
    body:
      encoding: UTF-8
      string: '{"data":[{"id":"1","type":"user","attributes":{"username":"1","email":"1@mail.com"}},{"id":"2","type":"user","attributes":{"username":"2","email":"2@mail.com"}},{"id":"3","type":"user","attributes":{"username":"3","email":"3@mail.com"}},{"id":"4","type":"user","attributes":{"username":"4","email":"4@mail.com"}},{"id":"5","type":"user","attributes":{"username":"echon92@gmail.com","email":"echon92@gmail.com"}},{"id":"6","type":"user","attributes":{"username":"happy22@example.com","email":"happy22@example.com"}}]}'
  recorded_at: Fri, 04 Mar 2022 05:51:58 GMT
- request:
    method: post
    uri: http://localhost:3000/api/v1/clubs
    body:
      encoding: UTF-8
      string: club%5Bbook_id%5D=gwgON2IwgDUC&club%5Bhost_id%5D=1&club%5Bname%5D=Hello123&club%5Bparams%5D%5B%5D=1
    headers:
      User-Agent:
      - Faraday v2.2.0
      Content-Type:
      - application/x-www-form-urlencoded
      Accept-Encoding:
      - gzip;q=1.0,deflate;q=0.6,identity;q=0.3
      Accept:
      - "*/*"
  response:
    status:
      code: 201
      message: Created
    headers:
      Content-Type:
      - application/json; charset=utf-8
      Etag:
      - W/"e44d243d14f7b3a8a58691a5e9bcbba0"
      Cache-Control:
      - max-age=0, private, must-revalidate
      X-Request-Id:
      - 128588ab-b89e-4550-9857-2b6297222574
      X-Runtime:
      - '0.005558'
      Transfer-Encoding:
      - chunked
    body:
      encoding: UTF-8
      string: '{"data":{"id":"30","type":"club","attributes":{"name":"Hello123","host_id":1,"book_id":"gwgON2IwgDUC"}}}'
  recorded_at: Fri, 04 Mar 2022 05:51:58 GMT
- request:
    method: get
    uri: http://localhost:3000/api/v1/clubs/30
    body:
      encoding: US-ASCII
      string: ''
    headers:
      User-Agent:
      - Faraday v2.2.0
      Accept-Encoding:
      - gzip;q=1.0,deflate;q=0.6,identity;q=0.3
      Accept:
      - "*/*"
  response:
    status:
      code: 200
      message: OK
    headers:
      Content-Type:
      - application/json; charset=utf-8
      Etag:
      - W/"e44d243d14f7b3a8a58691a5e9bcbba0"
      Cache-Control:
      - max-age=0, private, must-revalidate
      X-Request-Id:
      - 20cff4d4-859c-4b43-ad78-236489585fb2
      X-Runtime:
      - '0.001547'
      Transfer-Encoding:
      - chunked
    body:
      encoding: UTF-8
      string: '{"data":{"id":"30","type":"club","attributes":{"name":"Hello123","host_id":1,"book_id":"gwgON2IwgDUC"}}}'
  recorded_at: Fri, 04 Mar 2022 05:51:58 GMT
- request:
    method: get
    uri: http://localhost:3000/api/v1/clubs/30/users
    body:
      encoding: US-ASCII
      string: ''
    headers:
      User-Agent:
      - Faraday v2.2.0
      Accept-Encoding:
      - gzip;q=1.0,deflate;q=0.6,identity;q=0.3
      Accept:
      - "*/*"
  response:
    status:
      code: 200
      message: OK
    headers:
      Content-Type:
      - application/json; charset=utf-8
      Etag:
      - W/"2f3da8eaea413591c724a68762f798a5"
      Cache-Control:
      - max-age=0, private, must-revalidate
      X-Request-Id:
      - 9a4c0ba7-e5d0-4067-8811-9ecf9f1bcd42
      X-Runtime:
      - '0.003295'
      Transfer-Encoding:
      - chunked
    body:
      encoding: UTF-8
      string: '{"data":[{"id":"1","type":"user","attributes":{"username":"1","email":"1@mail.com"}}]}'
  recorded_at: Fri, 04 Mar 2022 05:51:58 GMT
- request:
    method: get
    uri: http://localhost:3000/api/v1/books/gwgON2IwgDUC
    body:
      encoding: US-ASCII
      string: ''
    headers:
      User-Agent:
      - Faraday v2.2.0
      Accept-Encoding:
      - gzip;q=1.0,deflate;q=0.6,identity;q=0.3
      Accept:
      - "*/*"
  response:
    status:
      code: 200
      message: OK
    headers:
      Content-Type:
      - application/json; charset=utf-8
      Etag:
      - W/"cba79bd56f71878715f8e509ef6a8cd5"
      Cache-Control:
      - max-age=0, private, must-revalidate
      X-Request-Id:
      - ff28ac12-434e-44d3-99cf-564e3078fcd4
      X-Runtime:
      - '0.159190'
      Transfer-Encoding:
      - chunked
    body:
      encoding: UTF-8
      string: '{"data":{"id":"gwgON2IwgDUC","type":"book","attributes":{"title":"Pride
        and Prejudice","authors":["Jane Austen"],"genres":["Fiction / Classics"],"description":"Insight
        edition with engaging side notes that offer background on social customs,
        thoughts on the book''s themes of faith, and other engaging information.","rating":5,"image":"http://books.google.com/books/content?id=gwgON2IwgDUC\u0026printsec=frontcover\u0026img=1\u0026zoom=5\u0026edge=curl\u0026imgtk=AFLRE73et7gmKOG91MrXfXEmxt0DfAhn28GpKX5CjPdtSMf9J0N_CCX0G3UBdNoDenAMitmzRKWKGZXyJqvWbjR9WaPCI5mXsVdi20SnDq75XNrccMBeLNbnvP5peTnEKqOra459Rnpw\u0026source=gbs_api"}}}'
  recorded_at: Fri, 04 Mar 2022 05:51:58 GMT
- request:
    method: get
    uri: http://localhost:3000/api/v1/clubs/30/comments
    body:
      encoding: US-ASCII
      string: ''
    headers:
      User-Agent:
      - Faraday v2.2.0
      Accept-Encoding:
      - gzip;q=1.0,deflate;q=0.6,identity;q=0.3
      Accept:
      - "*/*"
  response:
    status:
      code: 200
      message: OK
    headers:
      Content-Type:
      - application/json; charset=utf-8
      Etag:
      - W/"8fe32e407a1038ee38753b70e5374b3a"
      Cache-Control:
      - max-age=0, private, must-revalidate
      X-Request-Id:
      - d614da81-b0c5-41d3-be16-12fc18d5b5bb
      X-Runtime:
      - '0.008465'
      Transfer-Encoding:
      - chunked
    body:
      encoding: UTF-8
      string: '{"data":[]}'
  recorded_at: Fri, 04 Mar 2022 05:51:59 GMT
recorded_with: VCR 6.0.0
