---
http_interactions:
- request:
    method: post
    uri: https://hidden-garden-03870.herokuapp.com/api/v1/users
    body:
      encoding: UTF-8
      string: '{"user":{"username":"happy22@example.com","email":"happy22@example.com"}}'
    headers:
      User-Agent:
      - Faraday v2.2.0
      Content-Type:
      - application/json
      Accept-Encoding:
      - gzip;q=1.0,deflate;q=0.6,identity;q=0.3
      Accept:
      - "*/*"
  response:
    status:
      code: 400
      message: Bad Request
    headers:
      Server:
      - Cowboy
      Date:
      - Fri, 11 Mar 2022 17:45:53 GMT
      Connection:
      - keep-alive
      Content-Type:
      - application/json; charset=utf-8
      Cache-Control:
      - no-cache
      X-Request-Id:
      - b3d8ec55-2ea7-4c8d-afd9-a7cb84b27034
      X-Runtime:
      - '0.009444'
      Transfer-Encoding:
      - chunked
      Via:
      - 1.1 vegur
    body:
      encoding: UTF-8
      string: '{"error":{"exception":"Validation failed: Email has already been taken"}}'
  recorded_at: Fri, 11 Mar 2022 17:45:54 GMT
- request:
    method: get
    uri: https://hidden-garden-03870.herokuapp.com/api/v1/users
    body:
      encoding: UTF-8
      string: '{"user":{"username":"happy22@example.com","email":"happy22@example.com"}}'
    headers:
      User-Agent:
      - Faraday v2.2.0
      Content-Type:
      - application/json
      Accept-Encoding:
      - gzip;q=1.0,deflate;q=0.6,identity;q=0.3
      Accept:
      - "*/*"
  response:
    status:
      code: 200
      message: OK
    headers:
      Server:
      - Cowboy
      Date:
      - Fri, 11 Mar 2022 17:45:54 GMT
      Connection:
      - keep-alive
      Content-Type:
      - application/json; charset=utf-8
      Etag:
      - W/"771435033563aa0600eeef8fcb34a46b"
      Cache-Control:
      - max-age=0, private, must-revalidate
      X-Request-Id:
      - e1ba4d9b-ce68-455d-80b5-6999bf5bb190
      X-Runtime:
      - '0.011215'
      Transfer-Encoding:
      - chunked
      Via:
      - 1.1 vegur
    body:
      encoding: UTF-8
      string: '{"data":[{"id":"1","type":"user","attributes":{"username":"demitrimeer@yahoo.com","email":"demitrimeer@yahoo.com"}},{"id":"2","type":"user","attributes":{"username":"apaarn2211@gmail.com","email":"apaarn2211@gmail.com"}},{"id":"3","type":"user","attributes":{"username":"anavaro1995@gmail.com","email":"anavaro1995@gmail.com"}},{"id":"4","type":"user","attributes":{"username":"sierra.tucker121@gmail.com","email":"sierra.tucker121@gmail.com"}},{"id":"5","type":"user","attributes":{"username":"sierra.tucker121@gmail.com","email":"sierra.tucker121@gmail.com"}},{"id":"6","type":"user","attributes":{"username":"mountaingoat16@gmail.com","email":"mountaingoat16@gmail.com"}},{"id":"7","type":"user","attributes":{"username":"happy22@example.com","email":"happy22@example.com"}}]}'
  recorded_at: Fri, 11 Mar 2022 17:45:54 GMT
- request:
    method: get
    uri: https://hidden-garden-03870.herokuapp.com/api/v1/users/1/clubs
    body:
      encoding: US-ASCII
      string: ''
    headers:
      User-Agent:
      - Faraday v2.2.0
      Accept-Encoding:
      - gzip;q=1.0,deflate;q=0.6,identity;q=0.3
      Accept:
      - "*/*"
  response:
    status:
      code: 200
      message: OK
    headers:
      Server:
      - Cowboy
      Date:
      - Fri, 11 Mar 2022 17:45:53 GMT
      Connection:
      - keep-alive
      Content-Type:
      - application/json; charset=utf-8
      Etag:
      - W/"89f624e69d31563bee9a58d2d007865a"
      Cache-Control:
      - max-age=0, private, must-revalidate
      X-Request-Id:
      - 860af8f1-32c7-4ada-8ebe-eda3d8ae347a
      X-Runtime:
      - '0.008667'
      Transfer-Encoding:
      - chunked
      Via:
      - 1.1 vegur
    body:
      encoding: UTF-8
      string: '{"data":[{"id":"3","type":"club","attributes":{"name":"People love
        books","host_id":4,"book_id":"zrZM0POHzocC"}},{"id":"4","type":"club","attributes":{"name":"Hello123","host_id":1,"book_id":"gwgON2IwgDUC"}},{"id":"5","type":"club","attributes":{"name":"Hello123","host_id":1,"book_id":"gwgON2IwgDUC"}},{"id":"6","type":"club","attributes":{"name":"Hello123","host_id":1,"book_id":"gwgON2IwgDUC"}},{"id":"7","type":"club","attributes":{"name":"Hello123","host_id":1,"book_id":"gwgON2IwgDUC"}},{"id":"8","type":"club","attributes":{"name":"Hello123","host_id":1,"book_id":"gwgON2IwgDUC"}},{"id":"9","type":"club","attributes":{"name":"Hello123","host_id":1,"book_id":"gwgON2IwgDUC"}},{"id":"10","type":"club","attributes":{"name":"Hello123","host_id":1,"book_id":"gwgON2IwgDUC"}}]}'
  recorded_at: Fri, 11 Mar 2022 17:45:54 GMT
recorded_with: VCR 6.0.0
